Archive member included to satisfy reference by file (symbol)

c:/progra~2/gnuarm~1/102021~1.10/bin/../lib/gcc/arm-none-eabi/10.3.1/thumb/v7e-m/nofp\libgcc.a(_aeabi_uldivmod.o)
                              CMakeFiles/ESPC3_WiFi.elf.dir/Drivers/STM32G4xx_HAL_Driver/Src/stm32g4xx_hal_uart.c.obj (__aeabi_uldivmod)
c:/progra~2/gnuarm~1/102021~1.10/bin/../lib/gcc/arm-none-eabi/10.3.1/thumb/v7e-m/nofp\libgcc.a(_udivmoddi4.o)
                              c:/progra~2/gnuarm~1/102021~1.10/bin/../lib/gcc/arm-none-eabi/10.3.1/thumb/v7e-m/nofp\libgcc.a(_aeabi_uldivmod.o) (__udivmoddi4)
c:/progra~2/gnuarm~1/102021~1.10/bin/../lib/gcc/arm-none-eabi/10.3.1/thumb/v7e-m/nofp\libgcc.a(_dvmd_tls.o)
                              c:/progra~2/gnuarm~1/102021~1.10/bin/../lib/gcc/arm-none-eabi/10.3.1/thumb/v7e-m/nofp\libgcc.a(_aeabi_uldivmod.o) (__aeabi_ldiv0)
c:/progra~2/gnuarm~1/102021~1.10/bin/../lib/gcc/arm-none-eabi/10.3.1/../../../../arm-none-eabi/lib/thumb/v7e-m/nofp\libg.a(lib_a-errno.o)
                              CMakeFiles/ESPC3_WiFi.elf.dir/Core/Src/syscalls.c.obj (__errno)
c:/progra~2/gnuarm~1/102021~1.10/bin/../lib/gcc/arm-none-eabi/10.3.1/../../../../arm-none-eabi/lib/thumb/v7e-m/nofp\libg.a(lib_a-exit.o)
                              c:/progra~2/gnuarm~1/102021~1.10/bin/../lib/gcc/arm-none-eabi/10.3.1/../../../../arm-none-eabi/lib/thumb/v7e-m/nofp/crt0.o (exit)
c:/progra~2/gnuarm~1/102021~1.10/bin/../lib/gcc/arm-none-eabi/10.3.1/../../../../arm-none-eabi/lib/thumb/v7e-m/nofp\libg.a(lib_a-impure.o)
                              c:/progra~2/gnuarm~1/102021~1.10/bin/../lib/gcc/arm-none-eabi/10.3.1/../../../../arm-none-eabi/lib/thumb/v7e-m/nofp\libg.a(lib_a-exit.o) (_global_impure_ptr)
c:/progra~2/gnuarm~1/102021~1.10/bin/../lib/gcc/arm-none-eabi/10.3.1/../../../../arm-none-eabi/lib/thumb/v7e-m/nofp\libg.a(lib_a-init.o)
                              c:/progra~2/gnuarm~1/102021~1.10/bin/../lib/gcc/arm-none-eabi/10.3.1/../../../../arm-none-eabi/lib/thumb/v7e-m/nofp/crt0.o (__libc_init_array)
c:/progra~2/gnuarm~1/102021~1.10/bin/../lib/gcc/arm-none-eabi/10.3.1/../../../../arm-none-eabi/lib/thumb/v7e-m/nofp\libg.a(lib_a-memset.o)
                              c:/progra~2/gnuarm~1/102021~1.10/bin/../lib/gcc/arm-none-eabi/10.3.1/../../../../arm-none-eabi/lib/thumb/v7e-m/nofp/crt0.o (memset)
c:/progra~2/gnuarm~1/102021~1.10/bin/../lib/gcc/arm-none-eabi/10.3.1/../../../../arm-none-eabi/lib/thumb/v7e-m/nofp\libg.a(lib_a-strcat.o)
                              CMakeFiles/ESPC3_WiFi.elf.dir/Core/Src/main.c.obj (strcat)
c:/progra~2/gnuarm~1/102021~1.10/bin/../lib/gcc/arm-none-eabi/10.3.1/../../../../arm-none-eabi/lib/thumb/v7e-m/nofp\libg.a(lib_a-strcmp.o)
                              CMakeFiles/ESPC3_WiFi.elf.dir/Core/Src/main.c.obj (strcmp)
c:/progra~2/gnuarm~1/102021~1.10/bin/../lib/gcc/arm-none-eabi/10.3.1/../../../../arm-none-eabi/lib/thumb/v7e-m/nofp\libg.a(lib_a-strcpy.o)
                              c:/progra~2/gnuarm~1/102021~1.10/bin/../lib/gcc/arm-none-eabi/10.3.1/../../../../arm-none-eabi/lib/thumb/v7e-m/nofp\libg.a(lib_a-strcat.o) (strcpy)
c:/progra~2/gnuarm~1/102021~1.10/bin/../lib/gcc/arm-none-eabi/10.3.1/../../../../arm-none-eabi/lib/thumb/v7e-m/nofp\libg.a(lib_a-strlen.o)
                              CMakeFiles/ESPC3_WiFi.elf.dir/Core/Src/main.c.obj (strlen)
c:/progra~2/gnuarm~1/102021~1.10/bin/../lib/gcc/arm-none-eabi/10.3.1/../../../../arm-none-eabi/lib/thumb/v7e-m/nofp\libg.a(lib_a-__call_atexit.o)
                              c:/progra~2/gnuarm~1/102021~1.10/bin/../lib/gcc/arm-none-eabi/10.3.1/../../../../arm-none-eabi/lib/thumb/v7e-m/nofp\libg.a(lib_a-exit.o) (__call_exitprocs)
c:/progra~2/gnuarm~1/102021~1.10/bin/../lib/gcc/arm-none-eabi/10.3.1/../../../../arm-none-eabi/lib/thumb/v7e-m/nofp\libg.a(lib_a-atexit.o)
                              c:/progra~2/gnuarm~1/102021~1.10/bin/../lib/gcc/arm-none-eabi/10.3.1/../../../../arm-none-eabi/lib/thumb/v7e-m/nofp\libg.a(lib_a-__call_atexit.o) (atexit)
c:/progra~2/gnuarm~1/102021~1.10/bin/../lib/gcc/arm-none-eabi/10.3.1/../../../../arm-none-eabi/lib/thumb/v7e-m/nofp\libg.a(lib_a-fini.o)
                              c:/progra~2/gnuarm~1/102021~1.10/bin/../lib/gcc/arm-none-eabi/10.3.1/../../../../arm-none-eabi/lib/thumb/v7e-m/nofp\libg.a(lib_a-__call_atexit.o) (__libc_fini_array)
c:/progra~2/gnuarm~1/102021~1.10/bin/../lib/gcc/arm-none-eabi/10.3.1/../../../../arm-none-eabi/lib/thumb/v7e-m/nofp\libg.a(lib_a-lock.o)
                              c:/progra~2/gnuarm~1/102021~1.10/bin/../lib/gcc/arm-none-eabi/10.3.1/../../../../arm-none-eabi/lib/thumb/v7e-m/nofp\libg.a(lib_a-__call_atexit.o) (__retarget_lock_acquire_recursive)
c:/progra~2/gnuarm~1/102021~1.10/bin/../lib/gcc/arm-none-eabi/10.3.1/../../../../arm-none-eabi/lib/thumb/v7e-m/nofp\libg.a(lib_a-__atexit.o)
                              c:/progra~2/gnuarm~1/102021~1.10/bin/../lib/gcc/arm-none-eabi/10.3.1/../../../../arm-none-eabi/lib/thumb/v7e-m/nofp\libg.a(lib_a-atexit.o) (__register_exitproc)

[...]
Memory Configuration

Name             Origin             Length             Attributes
RAM              0x20000000         0x00008000         xrw
FLASH            0x08000000         0x00020000         xr
*default*        0x00000000         0xffffffff

Linker script and memory map

LOAD c:/progra~2/gnuarm~1/102021~1.10/bin/../lib/gcc/arm-none-eabi/10.3.1/thumb/v7e-m/nofp/crti.o
LOAD c:/progra~2/gnuarm~1/102021~1.10/bin/../lib/gcc/arm-none-eabi/10.3.1/thumb/v7e-m/nofp/crtbegin.o
LOAD c:/progra~2/gnuarm~1/102021~1.10/bin/../lib/gcc/arm-none-eabi/10.3.1/../../../../arm-none-eabi/lib/thumb/v7e-m/nofp/crt0.o
LOAD CMakeFiles/ESPC3_WiFi.elf.dir/Core/Src/gpio.c.obj
LOAD CMakeFiles/ESPC3_WiFi.elf.dir/Core/Src/main.c.obj
LOAD CMakeFiles/ESPC3_WiFi.elf.dir/Core/Src/ring_buffer.c.obj
LOAD CMakeFiles/ESPC3_WiFi.elf.dir/Core/Src/spi.c.obj
LOAD CMakeFiles/ESPC3_WiFi.elf.dir/Core/Src/stm32g4xx_hal_msp.c.obj
LOAD CMakeFiles/ESPC3_WiFi.elf.dir/Core/Src/stm32g4xx_it.c.obj
LOAD CMakeFiles/ESPC3_WiFi.elf.dir/Core/Src/syscalls.c.obj
LOAD CMakeFiles/ESPC3_WiFi.elf.dir/Core/Src/sysmem.c.obj
LOAD CMakeFiles/ESPC3_WiFi.elf.dir/Core/Src/system_stm32g4xx.c.obj
LOAD CMakeFiles/ESPC3_WiFi.elf.dir/Core/Src/usart.c.obj
LOAD CMakeFiles/ESPC3_WiFi.elf.dir/Core/Startup/startup_stm32g431kbtx.s.obj
LOAD CMakeFiles/ESPC3_WiFi.elf.dir/Drivers/STM32G4xx_HAL_Driver/Src/stm32g4xx_hal.c.obj
LOAD CMakeFiles/ESPC3_WiFi.elf.dir/Drivers/STM32G4xx_HAL_Driver/Src/stm32g4xx_hal_cortex.c.obj
LOAD CMakeFiles/ESPC3_WiFi.elf.dir/Drivers/STM32G4xx_HAL_Driver/Src/stm32g4xx_hal_dma.c.obj
LOAD CMakeFiles/ESPC3_WiFi.elf.dir/Drivers/STM32G4xx_HAL_Driver/Src/stm32g4xx_hal_dma_ex.c.obj
LOAD CMakeFiles/ESPC3_WiFi.elf.dir/Drivers/STM32G4xx_HAL_Driver/Src/stm32g4xx_hal_exti.c.obj
LOAD CMakeFiles/ESPC3_WiFi.elf.dir/Drivers/STM32G4xx_HAL_Driver/Src/stm32g4xx_hal_flash.c.obj
LOAD CMakeFiles/ESPC3_WiFi.elf.dir/Drivers/STM32G4xx_HAL_Driver/Src/stm32g4xx_hal_flash_ex.c.obj
LOAD CMakeFiles/ESPC3_WiFi.elf.dir/Drivers/STM32G4xx_HAL_Driver/Src/stm32g4xx_hal_flash_ramfunc.c.obj
LOAD CMakeFiles/ESPC3_WiFi.elf.dir/Drivers/STM32G4xx_HAL_Driver/Src/stm32g4xx_hal_gpio.c.obj
LOAD CMakeFiles/ESPC3_WiFi.elf.dir/Drivers/STM32G4xx_HAL_Driver/Src/stm32g4xx_hal_pwr.c.obj
LOAD CMakeFiles/ESPC3_WiFi.elf.dir/Drivers/STM32G4xx_HAL_Driver/Src/stm32g4xx_hal_pwr_ex.c.obj
LOAD CMakeFiles/ESPC3_WiFi.elf.dir/Drivers/STM32G4xx_HAL_Driver/Src/stm32g4xx_hal_rcc.c.obj
LOAD CMakeFiles/ESPC3_WiFi.elf.dir/Drivers/STM32G4xx_HAL_Driver/Src/stm32g4xx_hal_rcc_ex.c.obj
LOAD CMakeFiles/ESPC3_WiFi.elf.dir/Drivers/STM32G4xx_HAL_Driver/Src/stm32g4xx_hal_spi.c.obj
LOAD CMakeFiles/ESPC3_WiFi.elf.dir/Drivers/STM32G4xx_HAL_Driver/Src/stm32g4xx_hal_spi_ex.c.obj
LOAD CMakeFiles/ESPC3_WiFi.elf.dir/Drivers/STM32G4xx_HAL_Driver/Src/stm32g4xx_hal_tim.c.obj
LOAD CMakeFiles/ESPC3_WiFi.elf.dir/Drivers/STM32G4xx_HAL_Driver/Src/stm32g4xx_hal_tim_ex.c.obj
LOAD CMakeFiles/ESPC3_WiFi.elf.dir/Drivers/STM32G4xx_HAL_Driver/Src/stm32g4xx_hal_uart.c.obj
LOAD CMakeFiles/ESPC3_WiFi.elf.dir/Drivers/STM32G4xx_HAL_Driver/Src/stm32g4xx_hal_uart_ex.c.obj
START GROUP
LOAD c:/progra~2/gnuarm~1/102021~1.10/bin/../lib/gcc/arm-none-eabi/10.3.1/thumb/v7e-m/nofp\libgcc.a
LOAD c:/progra~2/gnuarm~1/102021~1.10/bin/../lib/gcc/arm-none-eabi/10.3.1/../../../../arm-none-eabi/lib/thumb/v7e-m/nofp\libg.a
LOAD c:/progra~2/gnuarm~1/102021~1.10/bin/../lib/gcc/arm-none-eabi/10.3.1/../../../../arm-none-eabi/lib/thumb/v7e-m/nofp\libc.a
END GROUP
LOAD c:/progra~2/gnuarm~1/102021~1.10/bin/../lib/gcc/arm-none-eabi/10.3.1/thumb/v7e-m/nofp/crtend.o
LOAD c:/progra~2/gnuarm~1/102021~1.10/bin/../lib/gcc/arm-none-eabi/10.3.1/thumb/v7e-m/nofp/crtn.o
                0x20008000                _estack = (ORIGIN (RAM) + LENGTH (RAM))
                0x00000200                _Min_Heap_Size = 0x200
                0x00000400                _Min_Stack_Size = 0x400

.isr_vector     0x08000000      0x1d8
                0x08000000                . = ALIGN (0x4)
 *(.isr_vector)
 .isr_vector    0x08000000      0x1d8 CMakeFiles/ESPC3_WiFi.elf.dir/Core/Startup/startup_stm32g431kbtx.s.obj
                0x08000000                g_pfnVectors
                0x080001d8                . = ALIGN (0x4)

.text           0x08000200     0x34d8
                0x08000200                . = ALIGN (0x4)
 *(.text)
 .text          0x08000200       0x40 c:/progra~2/gnuarm~1/102021~1.10/bin/../lib/gcc/arm-none-eabi/10.3.1/thumb/v7e-m/nofp/crtbegin.o
 .text          0x08000240       0x30 c:/progra~2/gnuarm~1/102021~1.10/bin/../lib/gcc/arm-none-eabi/10.3.1/thumb/v7e-m/nofp\libgcc.a(_aeabi_uldivmod.o)
                0x08000240                __aeabi_uldivmod
 .text          0x08000270      0x2d0 c:/progra~2/gnuarm~1/102021~1.10/bin/../lib/gcc/arm-none-eabi/10.3.1/thumb/v7e-m/nofp\libgcc.a(_udivmoddi4.o)
                0x08000270                __udivmoddi4
 .text          0x08000540        0x4 c:/progra~2/gnuarm~1/102021~1.10/bin/../lib/gcc/arm-none-eabi/10.3.1/thumb/v7e-m/nofp\libgcc.a(_dvmd_tls.o)
                0x08000540                __aeabi_idiv0
                0x08000540                __aeabi_ldiv0
 *fill*         0x08000544       0x1c 
 .text          0x08000560      0x2dc c:/progra~2/gnuarm~1/102021~1.10/bin/../lib/gcc/arm-none-eabi/10.3.1/../../../../arm-none-eabi/lib/thumb/v7e-m/nofp\libg.a(lib_a-strcmp.o)
                0x08000568                strcmp
 *fill*         0x0800083c        0x4 
 .text          0x08000840       0xdc c:/progra~2/gnuarm~1/102021~1.10/bin/../lib/gcc/arm-none-eabi/10.3.1/../../../../arm-none-eabi/lib/thumb/v7e-m/nofp\libg.a(lib_a-strlen.o)
                0x08000840                strlen
 *(.text*)
 .text.MX_GPIO_Init
                0x0800091c       0x94 CMakeFiles/ESPC3_WiFi.elf.dir/Core/Src/gpio.c.obj
                0x0800091c                MX_GPIO_Init
 .text.MX_NVIC_Init
                0x080009b0       0x14 CMakeFiles/ESPC3_WiFi.elf.dir/Core/Src/main.c.obj
 .text.ESP_Transmit_Log
                0x080009c4       0x34 CMakeFiles/ESPC3_WiFi.elf.dir/Core/Src/main.c.obj
                0x080009c4                ESP_Transmit_Log
 .text.ESP_Receive_Log
                0x080009f8       0x44 CMakeFiles/ESPC3_WiFi.elf.dir/Core/Src/main.c.obj
                0x080009f8                ESP_Receive_Log
 .text.ESP_Transmit
                0x08000a3c       0x58 CMakeFiles/ESPC3_WiFi.elf.dir/Core/Src/main.c.obj
                0x08000a3c                ESP_Transmit
 .text.HAL_UART_RxCpltCallback
                0x08000a94       0x40 CMakeFiles/ESPC3_WiFi.elf.dir/Core/Src/main.c.obj
                0x08000a94                HAL_UART_RxCpltCallback
 .text.EspGetLine
                0x08000ad4       0x58 CMakeFiles/ESPC3_WiFi.elf.dir/Core/Src/main.c.obj
                0x08000ad4                EspGetLine
 .text.ESP_WaitForOK
                0x08000b2c       0x24 CMakeFiles/ESPC3_WiFi.elf.dir/Core/Src/main.c.obj
                0x08000b2c                ESP_WaitForOK
 .text.Error_Handler
                0x08000b50        0x2 CMakeFiles/ESPC3_WiFi.elf.dir/Core/Src/main.c.obj
                0x08000b50                Error_Handler
 .text.SystemClock_Config
                0x08000b52       0x74 CMakeFiles/ESPC3_WiFi.elf.dir/Core/Src/main.c.obj
                0x08000b52                SystemClock_Config
 *fill*         0x08000bc6        0x2 
 .text.main     0x08000bc8       0xb0 CMakeFiles/ESPC3_WiFi.elf.dir/Core/Src/main.c.obj
                0x08000bc8                main
 .text.RB_Read  0x08000c78       0x26 CMakeFiles/ESPC3_WiFi.elf.dir/Core/Src/ring_buffer.c.obj
                0x08000c78                RB_Read
 .text.RB_Write
                0x08000c9e       0x2c CMakeFiles/ESPC3_WiFi.elf.dir/Core/Src/ring_buffer.c.obj
                0x08000c9e                RB_Write
 *fill*         0x08000cca        0x2 
 .text.MX_SPI2_Init
                0x08000ccc       0x50 CMakeFiles/ESPC3_WiFi.elf.dir/Core/Src/spi.c.obj
                0x08000ccc                MX_SPI2_Init
 .text.HAL_SPI_MspInit
                0x08000d1c       0x8c CMakeFiles/ESPC3_WiFi.elf.dir/Core/Src/spi.c.obj
                0x08000d1c                HAL_SPI_MspInit
 .text.HAL_MspInit
                0x08000da8       0x38 CMakeFiles/ESPC3_WiFi.elf.dir/Core/Src/stm32g4xx_hal_msp.c.obj
                0x08000da8                HAL_MspInit
 .text.NMI_Handler
                0x08000de0        0x2 CMakeFiles/ESPC3_WiFi.elf.dir/Core/Src/stm32g4xx_it.c.obj
                0x08000de0                NMI_Handler
 .text.HardFault_Handler
                0x08000de2        0x2 CMakeFiles/ESPC3_WiFi.elf.dir/Core/Src/stm32g4xx_it.c.obj
                0x08000de2                HardFault_Handler
 .text.MemManage_Handler
                0x08000de4        0x2 CMakeFiles/ESPC3_WiFi.elf.dir/Core/Src/stm32g4xx_it.c.obj
                0x08000de4                MemManage_Handler
 .text.BusFault_Handler
                0x08000de6        0x2 CMakeFiles/ESPC3_WiFi.elf.dir/Core/Src/stm32g4xx_it.c.obj
                0x08000de6                BusFault_Handler
 .text.UsageFault_Handler
                0x08000de8        0x2 CMakeFiles/ESPC3_WiFi.elf.dir/Core/Src/stm32g4xx_it.c.obj
                0x08000de8                UsageFault_Handler
 .text.SVC_Handler
                0x08000dea        0x2 CMakeFiles/ESPC3_WiFi.elf.dir/Core/Src/stm32g4xx_it.c.obj
                0x08000dea                SVC_Handler
 .text.DebugMon_Handler
                0x08000dec        0x2 CMakeFiles/ESPC3_WiFi.elf.dir/Core/Src/stm32g4xx_it.c.obj
                0x08000dec                DebugMon_Handler
 .text.PendSV_Handler
                0x08000dee        0x2 CMakeFiles/ESPC3_WiFi.elf.dir/Core/Src/stm32g4xx_it.c.obj
                0x08000dee                PendSV_Handler
 .text.SysTick_Handler
                0x08000df0        0x8 CMakeFiles/ESPC3_WiFi.elf.dir/Core/Src/stm32g4xx_it.c.obj
                0x08000df0                SysTick_Handler
 .text.USART1_IRQHandler
                0x08000df8       0x10 CMakeFiles/ESPC3_WiFi.elf.dir/Core/Src/stm32g4xx_it.c.obj
                0x08000df8                USART1_IRQHandler
 .text.SystemInit
                0x08000e08        0x2 CMakeFiles/ESPC3_WiFi.elf.dir/Core/Src/system_stm32g4xx.c.obj
                0x08000e08                SystemInit
 *fill*         0x08000e0a        0x2 
 .text.MX_USART1_UART_Init
                0x08000e0c       0x68 CMakeFiles/ESPC3_WiFi.elf.dir/Core/Src/usart.c.obj
                0x08000e0c                MX_USART1_UART_Init
 .text.MX_USART2_UART_Init
                0x08000e74       0x68 CMakeFiles/ESPC3_WiFi.elf.dir/Core/Src/usart.c.obj
                0x08000e74                MX_USART2_UART_Init
 .text.HAL_UART_MspInit
                0x08000edc       0xe8 CMakeFiles/ESPC3_WiFi.elf.dir/Core/Src/usart.c.obj
                0x08000edc                HAL_UART_MspInit
 .text.Reset_Handler
                0x08000fc4       0x50 CMakeFiles/ESPC3_WiFi.elf.dir/Core/Startup/startup_stm32g431kbtx.s.obj
                0x08000fc4                Reset_Handler
 .text.Default_Handler
                0x08001014        0x2 CMakeFiles/ESPC3_WiFi.elf.dir/Core/Startup/startup_stm32g431kbtx.s.obj
                0x08001014                RTC_Alarm_IRQHandler
                0x08001014                EXTI2_IRQHandler
                0x08001014                TIM8_TRG_COM_IRQHandler
                0x08001014                TIM8_CC_IRQHandler
                0x08001014                TIM1_CC_IRQHandler
                0x08001014                USB_HP_IRQHandler
                0x08001014                CORDIC_IRQHandler
                0x08001014                EXTI3_IRQHandler
                0x08001014                I2C3_ER_IRQHandler
                0x08001014                EXTI0_IRQHandler
                0x08001014                I2C2_EV_IRQHandler
                0x08001014                FPU_IRQHandler
                0x08001014                FDCAN1_IT1_IRQHandler
                0x08001014                TIM1_UP_TIM16_IRQHandler
                0x08001014                ADC1_2_IRQHandler
                0x08001014                SPI1_IRQHandler
                0x08001014                TIM6_DAC_IRQHandler
                0x08001014                TIM8_UP_IRQHandler
                0x08001014                DMA2_Channel2_IRQHandler
                0x08001014                DMA1_Channel4_IRQHandler
                0x08001014                USART3_IRQHandler
                0x08001014                TIM4_IRQHandler
                0x08001014                DMA2_Channel1_IRQHandler
                0x08001014                I2C1_EV_IRQHandler
                0x08001014                DMA1_Channel6_IRQHandler
                0x08001014                UART4_IRQHandler
                0x08001014                DMA2_Channel4_IRQHandler
                0x08001014                TIM3_IRQHandler
                0x08001014                RCC_IRQHandler
                0x08001014                DMA1_Channel1_IRQHandler
                0x08001014                Default_Handler
                0x08001014                RTC_TAMP_LSECSS_IRQHandler
                0x08001014                FMAC_IRQHandler
                0x08001014                EXTI15_10_IRQHandler
                0x08001014                TIM7_IRQHandler
                0x08001014                UCPD1_IRQHandler
                0x08001014                I2C3_EV_IRQHandler
                0x08001014                EXTI9_5_IRQHandler
                0x08001014                RTC_WKUP_IRQHandler
                0x08001014                PVD_PVM_IRQHandler
                0x08001014                SPI2_IRQHandler
                0x08001014                DMA2_Channel5_IRQHandler
                0x08001014                CRS_IRQHandler
                0x08001014                DMA1_Channel5_IRQHandler
                0x08001014                USB_LP_IRQHandler
                0x08001014                EXTI4_IRQHandler
                0x08001014                RNG_IRQHandler
                0x08001014                TIM1_TRG_COM_TIM17_IRQHandler
                0x08001014                DMA1_Channel3_IRQHandler
                0x08001014                WWDG_IRQHandler
                0x08001014                LPUART1_IRQHandler
                0x08001014                DMA2_Channel6_IRQHandler
                0x08001014                FDCAN1_IT0_IRQHandler
                0x08001014                TIM2_IRQHandler
                0x08001014                COMP1_2_3_IRQHandler
                0x08001014                EXTI1_IRQHandler
                0x08001014                USART2_IRQHandler
                0x08001014                I2C2_ER_IRQHandler
                0x08001014                DMA1_Channel2_IRQHandler
                0x08001014                TIM8_BRK_IRQHandler
                0x08001014                FLASH_IRQHandler
                0x08001014                SPI3_IRQHandler
                0x08001014                I2C1_ER_IRQHandler
                0x08001014                LPTIM1_IRQHandler
                0x08001014                DMAMUX_OVR_IRQHandler
                0x08001014                USBWakeUp_IRQHandler
                0x08001014                SAI1_IRQHandler
                0x08001014                DMA2_Channel3_IRQHandler
                0x08001014                COMP4_IRQHandler
                0x08001014                TIM1_BRK_TIM15_IRQHandler
 *fill*         0x08001016        0x2 
 .text.HAL_InitTick
                0x08001018       0x50 CMakeFiles/ESPC3_WiFi.elf.dir/Drivers/STM32G4xx_HAL_Driver/Src/stm32g4xx_hal.c.obj
                0x08001018                HAL_InitTick
 .text.HAL_Init
                0x08001068       0x2c CMakeFiles/ESPC3_WiFi.elf.dir/Drivers/STM32G4xx_HAL_Driver/Src/stm32g4xx_hal.c.obj
                0x08001068                HAL_Init
 .text.HAL_IncTick
                0x08001094       0x18 CMakeFiles/ESPC3_WiFi.elf.dir/Drivers/STM32G4xx_HAL_Driver/Src/stm32g4xx_hal.c.obj
                0x08001094                HAL_IncTick
 .text.HAL_GetTick
                0x080010ac        0xc CMakeFiles/ESPC3_WiFi.elf.dir/Drivers/STM32G4xx_HAL_Driver/Src/stm32g4xx_hal.c.obj
                0x080010ac                HAL_GetTick
 .text.HAL_NVIC_SetPriorityGrouping
                0x080010b8       0x24 CMakeFiles/ESPC3_WiFi.elf.dir/Drivers/STM32G4xx_HAL_Driver/Src/stm32g4xx_hal_cortex.c.obj
                0x080010b8                HAL_NVIC_SetPriorityGrouping
 .text.HAL_NVIC_SetPriority
                0x080010dc       0x70 CMakeFiles/ESPC3_WiFi.elf.dir/Drivers/STM32G4xx_HAL_Driver/Src/stm32g4xx_hal_cortex.c.obj
                0x080010dc                HAL_NVIC_SetPriority
 .text.HAL_NVIC_EnableIRQ
                0x0800114c       0x1c CMakeFiles/ESPC3_WiFi.elf.dir/Drivers/STM32G4xx_HAL_Driver/Src/stm32g4xx_hal_cortex.c.obj
                0x0800114c                HAL_NVIC_EnableIRQ
 .text.HAL_SYSTICK_Config
                0x08001168       0x28 CMakeFiles/ESPC3_WiFi.elf.dir/Drivers/STM32G4xx_HAL_Driver/Src/stm32g4xx_hal_cortex.c.obj
                0x08001168                HAL_SYSTICK_Config
 .text.HAL_DMA_Abort
                0x08001190       0x6c CMakeFiles/ESPC3_WiFi.elf.dir/Drivers/STM32G4xx_HAL_Driver/Src/stm32g4xx_hal_dma.c.obj
                0x08001190                HAL_DMA_Abort
 .text.HAL_DMA_Abort_IT
                0x080011fc       0x7e CMakeFiles/ESPC3_WiFi.elf.dir/Drivers/STM32G4xx_HAL_Driver/Src/stm32g4xx_hal_dma.c.obj
                0x080011fc                HAL_DMA_Abort_IT
 *fill*         0x0800127a        0x2 
 .text.HAL_GPIO_Init
                0x0800127c      0x1dc CMakeFiles/ESPC3_WiFi.elf.dir/Drivers/STM32G4xx_HAL_Driver/Src/stm32g4xx_hal_gpio.c.obj
                0x0800127c                HAL_GPIO_Init
 .text.HAL_GPIO_WritePin
                0x08001458        0xa CMakeFiles/ESPC3_WiFi.elf.dir/Drivers/STM32G4xx_HAL_Driver/Src/stm32g4xx_hal_gpio.c.obj
                0x08001458                HAL_GPIO_WritePin
 *fill*         0x08001462        0x2 
 .text.HAL_PWREx_ControlVoltageScaling
                0x08001464      0x10c CMakeFiles/ESPC3_WiFi.elf.dir/Drivers/STM32G4xx_HAL_Driver/Src/stm32g4xx_hal_pwr_ex.c.obj
                0x08001464                HAL_PWREx_ControlVoltageScaling
 .text.HAL_PWREx_DisableUCPDDeadBattery
                0x08001570       0x10 CMakeFiles/ESPC3_WiFi.elf.dir/Drivers/STM32G4xx_HAL_Driver/Src/stm32g4xx_hal_pwr_ex.c.obj
                0x08001570                HAL_PWREx_DisableUCPDDeadBattery
 .text.RCC_GetSysClockFreqFromPLLSource
                0x08001580       0x58 CMakeFiles/ESPC3_WiFi.elf.dir/Drivers/STM32G4xx_HAL_Driver/Src/stm32g4xx_hal_rcc.c.obj
 .text.HAL_RCC_OscConfig
                0x080015d8      0x4e4 CMakeFiles/ESPC3_WiFi.elf.dir/Drivers/STM32G4xx_HAL_Driver/Src/stm32g4xx_hal_rcc.c.obj
                0x080015d8                HAL_RCC_OscConfig
 .text.HAL_RCC_GetSysClockFreq
                0x08001abc       0x88 CMakeFiles/ESPC3_WiFi.elf.dir/Drivers/STM32G4xx_HAL_Driver/Src/stm32g4xx_hal_rcc.c.obj
                0x08001abc                HAL_RCC_GetSysClockFreq
 .text.HAL_RCC_ClockConfig
                0x08001b44      0x1f8 CMakeFiles/ESPC3_WiFi.elf.dir/Drivers/STM32G4xx_HAL_Driver/Src/stm32g4xx_hal_rcc.c.obj
                0x08001b44                HAL_RCC_ClockConfig
 .text.HAL_RCC_GetHCLKFreq
                0x08001d3c        0xc CMakeFiles/ESPC3_WiFi.elf.dir/Drivers/STM32G4xx_HAL_Driver/Src/stm32g4xx_hal_rcc.c.obj
                0x08001d3c                HAL_RCC_GetHCLKFreq
 .text.HAL_RCC_GetPCLK1Freq
                0x08001d48       0x24 CMakeFiles/ESPC3_WiFi.elf.dir/Drivers/STM32G4xx_HAL_Driver/Src/stm32g4xx_hal_rcc.c.obj
                0x08001d48                HAL_RCC_GetPCLK1Freq
 .text.HAL_RCC_GetPCLK2Freq
                0x08001d6c       0x24 CMakeFiles/ESPC3_WiFi.elf.dir/Drivers/STM32G4xx_HAL_Driver/Src/stm32g4xx_hal_rcc.c.obj
                0x08001d6c                HAL_RCC_GetPCLK2Freq
 .text.HAL_RCCEx_PeriphCLKConfig
                0x08001d90      0x2e4 CMakeFiles/ESPC3_WiFi.elf.dir/Drivers/STM32G4xx_HAL_Driver/Src/stm32g4xx_hal_rcc_ex.c.obj
                0x08001d90                HAL_RCCEx_PeriphCLKConfig
 .text.HAL_SPI_Init
                0x08002074       0xe8 CMakeFiles/ESPC3_WiFi.elf.dir/Drivers/STM32G4xx_HAL_Driver/Src/stm32g4xx_hal_spi.c.obj
                0x08002074                HAL_SPI_Init
 .text.UART_EndRxTransfer
                0x0800215c       0x56 CMakeFiles/ESPC3_WiFi.elf.dir/Drivers/STM32G4xx_HAL_Driver/Src/stm32g4xx_hal_uart.c.obj
 .text.HAL_UART_TxCpltCallback
                0x080021b2        0x2 CMakeFiles/ESPC3_WiFi.elf.dir/Drivers/STM32G4xx_HAL_Driver/Src/stm32g4xx_hal_uart.c.obj
                0x080021b2                HAL_UART_TxCpltCallback
 .text.UART_EndTransmit_IT
                0x080021b4       0x24 CMakeFiles/ESPC3_WiFi.elf.dir/Drivers/STM32G4xx_HAL_Driver/Src/stm32g4xx_hal_uart.c.obj
 .text.HAL_UART_ErrorCallback
                0x080021d8        0x2 CMakeFiles/ESPC3_WiFi.elf.dir/Drivers/STM32G4xx_HAL_Driver/Src/stm32g4xx_hal_uart.c.obj
                0x080021d8                HAL_UART_ErrorCallback
 .text.UART_DMAAbortOnError
                0x080021da       0x14 CMakeFiles/ESPC3_WiFi.elf.dir/Drivers/STM32G4xx_HAL_Driver/Src/stm32g4xx_hal_uart.c.obj
 .text.HAL_UARTEx_RxEventCallback
                0x080021ee        0x2 CMakeFiles/ESPC3_WiFi.elf.dir/Drivers/STM32G4xx_HAL_Driver/Src/stm32g4xx_hal_uart.c.obj
                0x080021ee                HAL_UARTEx_RxEventCallback
 .text.HAL_UART_IRQHandler
                0x080021f0      0x364 CMakeFiles/ESPC3_WiFi.elf.dir/Drivers/STM32G4xx_HAL_Driver/Src/stm32g4xx_hal_uart.c.obj
                0x080021f0                HAL_UART_IRQHandler
 .text.UART_RxISR_8BIT
                0x08002554       0xdc CMakeFiles/ESPC3_WiFi.elf.dir/Drivers/STM32G4xx_HAL_Driver/Src/stm32g4xx_hal_uart.c.obj
 .text.UART_RxISR_16BIT
                0x08002630       0xd8 CMakeFiles/ESPC3_WiFi.elf.dir/Drivers/STM32G4xx_HAL_Driver/Src/stm32g4xx_hal_uart.c.obj
 .text.UART_RxISR_8BIT_FIFOEN
                0x08002708      0x1c8 CMakeFiles/ESPC3_WiFi.elf.dir/Drivers/STM32G4xx_HAL_Driver/Src/stm32g4xx_hal_uart.c.obj
 .text.UART_RxISR_16BIT_FIFOEN
                0x080028d0      0x1c8 CMakeFiles/ESPC3_WiFi.elf.dir/Drivers/STM32G4xx_HAL_Driver/Src/stm32g4xx_hal_uart.c.obj
 .text.UART_SetConfig
                0x08002a98      0x344 CMakeFiles/ESPC3_WiFi.elf.dir/Drivers/STM32G4xx_HAL_Driver/Src/stm32g4xx_hal_uart.c.obj
                0x08002a98                UART_SetConfig
 .text.UART_AdvFeatureConfig
                0x08002ddc       0xca CMakeFiles/ESPC3_WiFi.elf.dir/Drivers/STM32G4xx_HAL_Driver/Src/stm32g4xx_hal_uart.c.obj
                0x08002ddc                UART_AdvFeatureConfig
 .text.UART_WaitOnFlagUntilTimeout
                0x08002ea6       0xa2 CMakeFiles/ESPC3_WiFi.elf.dir/Drivers/STM32G4xx_HAL_Driver/Src/stm32g4xx_hal_uart.c.obj
                0x08002ea6                UART_WaitOnFlagUntilTimeout
 .text.HAL_UART_Transmit
                0x08002f48       0xd2 CMakeFiles/ESPC3_WiFi.elf.dir/Drivers/STM32G4xx_HAL_Driver/Src/stm32g4xx_hal_uart.c.obj
                0x08002f48                HAL_UART_Transmit
 .text.UART_CheckIdleState
                0x0800301a       0xca CMakeFiles/ESPC3_WiFi.elf.dir/Drivers/STM32G4xx_HAL_Driver/Src/stm32g4xx_hal_uart.c.obj
                0x0800301a                UART_CheckIdleState
 .text.HAL_UART_Init
                0x080030e4       0x66 CMakeFiles/ESPC3_WiFi.elf.dir/Drivers/STM32G4xx_HAL_Driver/Src/stm32g4xx_hal_uart.c.obj
                0x080030e4                HAL_UART_Init
 *fill*         0x0800314a        0x2 
 .text.UART_Start_Receive_IT
                0x0800314c      0x13c CMakeFiles/ESPC3_WiFi.elf.dir/Drivers/STM32G4xx_HAL_Driver/Src/stm32g4xx_hal_uart.c.obj
                0x0800314c                UART_Start_Receive_IT
 .text.HAL_UART_Receive_IT
                0x08003288       0x4c CMakeFiles/ESPC3_WiFi.elf.dir/Drivers/STM32G4xx_HAL_Driver/Src/stm32g4xx_hal_uart.c.obj
                0x08003288                HAL_UART_Receive_IT
 .text.UARTEx_SetNbDataToProcess
                0x080032d4       0x4c CMakeFiles/ESPC3_WiFi.elf.dir/Drivers/STM32G4xx_HAL_Driver/Src/stm32g4xx_hal_uart_ex.c.obj
 .text.HAL_UARTEx_WakeupCallback
                0x08003320        0x2 CMakeFiles/ESPC3_WiFi.elf.dir/Drivers/STM32G4xx_HAL_Driver/Src/stm32g4xx_hal_uart_ex.c.obj
                0x08003320                HAL_UARTEx_WakeupCallback
 .text.HAL_UARTEx_RxFifoFullCallback
                0x08003322        0x2 CMakeFiles/ESPC3_WiFi.elf.dir/Drivers/STM32G4xx_HAL_Driver/Src/stm32g4xx_hal_uart_ex.c.obj
                0x08003322                HAL_UARTEx_RxFifoFullCallback
 .text.HAL_UARTEx_TxFifoEmptyCallback
                0x08003324        0x2 CMakeFiles/ESPC3_WiFi.elf.dir/Drivers/STM32G4xx_HAL_Driver/Src/stm32g4xx_hal_uart_ex.c.obj
                0x08003324                HAL_UARTEx_TxFifoEmptyCallback
 .text.HAL_UARTEx_DisableFifoMode
                0x08003326       0x3e CMakeFiles/ESPC3_WiFi.elf.dir/Drivers/STM32G4xx_HAL_Driver/Src/stm32g4xx_hal_uart_ex.c.obj
                0x08003326                HAL_UARTEx_DisableFifoMode
 .text.HAL_UARTEx_SetTxFifoThreshold
                0x08003364       0x4a CMakeFiles/ESPC3_WiFi.elf.dir/Drivers/STM32G4xx_HAL_Driver/Src/stm32g4xx_hal_uart_ex.c.obj
                0x08003364                HAL_UARTEx_SetTxFifoThreshold
 .text.HAL_UARTEx_SetRxFifoThreshold
                0x080033ae       0x4a CMakeFiles/ESPC3_WiFi.elf.dir/Drivers/STM32G4xx_HAL_Driver/Src/stm32g4xx_hal_uart_ex.c.obj
                0x080033ae                HAL_UARTEx_SetRxFifoThreshold
 .text.__libc_init_array
                0x080033f8       0x48 c:/progra~2/gnuarm~1/102021~1.10/bin/../lib/gcc/arm-none-eabi/10.3.1/../../../../arm-none-eabi/lib/thumb/v7e-m/nofp\libg.a(lib_a-init.o)
                0x080033f8                __libc_init_array
 .text.memset   0x08003440       0xa4 c:/progra~2/gnuarm~1/102021~1.10/bin/../lib/gcc/arm-none-eabi/10.3.1/../../../../arm-none-eabi/lib/thumb/v7e-m/nofp\libg.a(lib_a-memset.o)
                0x08003440                memset
 .text.strcat   0x080034e4       0x40 c:/progra~2/gnuarm~1/102021~1.10/bin/../lib/gcc/arm-none-eabi/10.3.1/../../../../arm-none-eabi/lib/thumb/v7e-m/nofp\libg.a(lib_a-strcat.o)
                0x080034e4                strcat
 .text.strcpy   0x08003524       0xbc c:/progra~2/gnuarm~1/102021~1.10/bin/../lib/gcc/arm-none-eabi/10.3.1/../../../../arm-none-eabi/lib/thumb/v7e-m/nofp\libg.a(lib_a-strcpy.o)
                0x08003524                strcpy
 .text.startup.register_fini
                0x080035e0       0x14 c:/progra~2/gnuarm~1/102021~1.10/bin/../lib/gcc/arm-none-eabi/10.3.1/../../../../arm-none-eabi/lib/thumb/v7e-m/nofp\libg.a(lib_a-__call_atexit.o)
 .text.atexit   0x080035f4        0xc c:/progra~2/gnuarm~1/102021~1.10/bin/../lib/gcc/arm-none-eabi/10.3.1/../../../../arm-none-eabi/lib/thumb/v7e-m/nofp\libg.a(lib_a-atexit.o)
                0x080035f4                atexit
 .text.__libc_fini_array
                0x08003600       0x2c c:/progra~2/gnuarm~1/102021~1.10/bin/../lib/gcc/arm-none-eabi/10.3.1/../../../../arm-none-eabi/lib/thumb/v7e-m/nofp\libg.a(lib_a-fini.o)
                0x08003600                __libc_fini_array
 .text.__retarget_lock_acquire_recursive
                0x0800362c        0x4 c:/progra~2/gnuarm~1/102021~1.10/bin/../lib/gcc/arm-none-eabi/10.3.1/../../../../arm-none-eabi/lib/thumb/v7e-m/nofp\libg.a(lib_a-lock.o)
                0x0800362c                __retarget_lock_acquire_recursive
 .text.__retarget_lock_release_recursive
                0x08003630        0x4 c:/progra~2/gnuarm~1/102021~1.10/bin/../lib/gcc/arm-none-eabi/10.3.1/../../../../arm-none-eabi/lib/thumb/v7e-m/nofp\libg.a(lib_a-lock.o)
                0x08003630                __retarget_lock_release_recursive
 .text.__register_exitproc
                0x08003634       0x8c c:/progra~2/gnuarm~1/102021~1.10/bin/../lib/gcc/arm-none-eabi/10.3.1/../../../../arm-none-eabi/lib/thumb/v7e-m/nofp\libg.a(lib_a-__atexit.o)
                0x08003634                __register_exitproc
 *(.glue_7)
 .glue_7        0x080036c0        0x0 linker stubs
 *(.glue_7t)
 .glue_7t       0x080036c0        0x0 linker stubs
 *(.eh_frame)
 .eh_frame      0x080036c0        0x0 c:/progra~2/gnuarm~1/102021~1.10/bin/../lib/gcc/arm-none-eabi/10.3.1/thumb/v7e-m/nofp/crtbegin.o
 *(.init)
 .init          0x080036c0        0x4 c:/progra~2/gnuarm~1/102021~1.10/bin/../lib/gcc/arm-none-eabi/10.3.1/thumb/v7e-m/nofp/crti.o
                0x080036c0                _init
 .init          0x080036c4        0x8 c:/progra~2/gnuarm~1/102021~1.10/bin/../lib/gcc/arm-none-eabi/10.3.1/thumb/v7e-m/nofp/crtn.o
 *(.fini)
 .fini          0x080036cc        0x4 c:/progra~2/gnuarm~1/102021~1.10/bin/../lib/gcc/arm-none-eabi/10.3.1/thumb/v7e-m/nofp/crti.o
                0x080036cc                _fini
 .fini          0x080036d0        0x8 c:/progra~2/gnuarm~1/102021~1.10/bin/../lib/gcc/arm-none-eabi/10.3.1/thumb/v7e-m/nofp/crtn.o
                0x080036d8                . = ALIGN (0x4)
                0x080036d8                _etext = .

.vfp11_veneer   0x080036d8        0x0
 .vfp11_veneer  0x080036d8        0x0 linker stubs

.v4_bx          0x080036d8        0x0
 .v4_bx         0x080036d8        0x0 linker stubs

.iplt           0x080036d8        0x0
 .iplt          0x080036d8        0x0 c:/progra~2/gnuarm~1/102021~1.10/bin/../lib/gcc/arm-none-eabi/10.3.1/thumb/v7e-m/nofp/crtbegin.o

.rodata         0x080036d8       0x58
                0x080036d8                . = ALIGN (0x4)
 *(.rodata)
 *(.rodata*)
 .rodata.ESP_Transmit_Log.str1.4
                0x080036d8        0x4 CMakeFiles/ESPC3_WiFi.elf.dir/Core/Src/main.c.obj
 .rodata.ESP_Receive_Log.str1.4
                0x080036dc        0x7 CMakeFiles/ESPC3_WiFi.elf.dir/Core/Src/main.c.obj
 *fill*         0x080036e3        0x1 
 .rodata.ESP_WaitForOK.str1.4
                0x080036e4        0x3 CMakeFiles/ESPC3_WiFi.elf.dir/Core/Src/main.c.obj
 *fill*         0x080036e7        0x1 
 .rodata.main.str1.4
                0x080036e8        0x3 CMakeFiles/ESPC3_WiFi.elf.dir/Core/Src/main.c.obj
 *fill*         0x080036eb        0x1 
 .rodata.AHBPrescTable
                0x080036ec       0x10 CMakeFiles/ESPC3_WiFi.elf.dir/Core/Src/system_stm32g4xx.c.obj
                0x080036ec                AHBPrescTable
 .rodata.APBPrescTable
                0x080036fc        0x8 CMakeFiles/ESPC3_WiFi.elf.dir/Core/Src/system_stm32g4xx.c.obj
                0x080036fc                APBPrescTable
 .rodata.UARTPrescTable
                0x08003704       0x18 CMakeFiles/ESPC3_WiFi.elf.dir/Drivers/STM32G4xx_HAL_Driver/Src/stm32g4xx_hal_uart.c.obj
                0x08003704                UARTPrescTable
 .rodata.denominator.0
                0x0800371c        0x8 CMakeFiles/ESPC3_WiFi.elf.dir/Drivers/STM32G4xx_HAL_Driver/Src/stm32g4xx_hal_uart_ex.c.obj
 .rodata.numerator.1
                0x08003724        0x8 CMakeFiles/ESPC3_WiFi.elf.dir/Drivers/STM32G4xx_HAL_Driver/Src/stm32g4xx_hal_uart_ex.c.obj
 .rodata._global_impure_ptr
                0x0800372c        0x4 c:/progra~2/gnuarm~1/102021~1.10/bin/../lib/gcc/arm-none-eabi/10.3.1/../../../../arm-none-eabi/lib/thumb/v7e-m/nofp\libg.a(lib_a-impure.o)
                0x0800372c                _global_impure_ptr
                0x08003730                . = ALIGN (0x4)

.ARM.extab      0x08003730        0x0
                0x08003730                . = ALIGN (0x4)
 *(.ARM.extab* .gnu.linkonce.armextab.*)
                0x08003730                . = ALIGN (0x4)

.ARM            0x08003730        0x8
                0x08003730                . = ALIGN (0x4)
                0x08003730                __exidx_start = .
 *(.ARM.exidx*)
 .ARM.exidx     0x08003730        0x8 c:/progra~2/gnuarm~1/102021~1.10/bin/../lib/gcc/arm-none-eabi/10.3.1/thumb/v7e-m/nofp\libgcc.a(_udivmoddi4.o)
                0x08003738                __exidx_end = .
                0x08003738                . = ALIGN (0x4)

.rel.dyn        0x08003738        0x0
 .rel.iplt      0x08003738        0x0 c:/progra~2/gnuarm~1/102021~1.10/bin/../lib/gcc/arm-none-eabi/10.3.1/thumb/v7e-m/nofp/crtbegin.o

.preinit_array  0x08003738        0x0
                0x08003738                . = ALIGN (0x4)
                0x08003738                PROVIDE (__preinit_array_start = .)
 *(.preinit_array*)
                0x08003738                PROVIDE (__preinit_array_end = .)
                0x08003738                . = ALIGN (0x4)

.init_array     0x08003738        0x8
                0x08003738                . = ALIGN (0x4)
                0x08003738                PROVIDE (__init_array_start = .)
 *(SORT_BY_NAME(.init_array.*))
 .init_array.00000
                0x08003738        0x4 c:/progra~2/gnuarm~1/102021~1.10/bin/../lib/gcc/arm-none-eabi/10.3.1/../../../../arm-none-eabi/lib/thumb/v7e-m/nofp\libg.a(lib_a-__call_atexit.o)
 *(.init_array*)
 .init_array    0x0800373c        0x4 c:/progra~2/gnuarm~1/102021~1.10/bin/../lib/gcc/arm-none-eabi/10.3.1/thumb/v7e-m/nofp/crtbegin.o
                0x08003740                PROVIDE (__init_array_end = .)
                0x08003740                . = ALIGN (0x4)

.fini_array     0x08003740        0x4
                0x08003740                . = ALIGN (0x4)
                0x08003740                PROVIDE (__fini_array_start = .)
 *(SORT_BY_NAME(.fini_array.*))
 *(.fini_array*)
 .fini_array    0x08003740        0x4 c:/progra~2/gnuarm~1/102021~1.10/bin/../lib/gcc/arm-none-eabi/10.3.1/thumb/v7e-m/nofp/crtbegin.o
                0x08003744                PROVIDE (__fini_array_end = .)
                0x08003744                . = ALIGN (0x4)
                0x08003744                _sidata = LOADADDR (.data)

.data           0x20000000      0x4bc load address 0x08003744
                0x20000000                . = ALIGN (0x4)
                0x20000000                _sdata = .
 *(.data)
 *(.data*)
 .data.echo_off
                0x20000000        0x5 CMakeFiles/ESPC3_WiFi.elf.dir/Core/Src/main.c.obj
                0x20000000                echo_off
 *fill*         0x20000005        0x3 
 .data.init_wifi
                0x20000008        0xc CMakeFiles/ESPC3_WiFi.elf.dir/Core/Src/main.c.obj
                0x20000008                init_wifi
 .data.ntp_pool
                0x20000014       0x24 CMakeFiles/ESPC3_WiFi.elf.dir/Core/Src/main.c.obj
                0x20000014                ntp_pool
 .data.query_time
                0x20000038       0x10 CMakeFiles/ESPC3_WiFi.elf.dir/Core/Src/main.c.obj
                0x20000038                query_time
 .data.wifi_connect
                0x20000048       0x1c CMakeFiles/ESPC3_WiFi.elf.dir/Core/Src/main.c.obj
                0x20000048                wifi_connect
 .data.wifi_mode
                0x20000064        0xc CMakeFiles/ESPC3_WiFi.elf.dir/Core/Src/main.c.obj
                0x20000064                wifi_mode
 .data.wifi_no_autoconnect
                0x20000070       0x10 CMakeFiles/ESPC3_WiFi.elf.dir/Core/Src/main.c.obj
                0x20000070                wifi_no_autoconnect
 .data.SystemCoreClock
                0x20000080        0x4 CMakeFiles/ESPC3_WiFi.elf.dir/Core/Src/system_stm32g4xx.c.obj
                0x20000080                SystemCoreClock
 .data.uwTickFreq
                0x20000084        0x4 CMakeFiles/ESPC3_WiFi.elf.dir/Drivers/STM32G4xx_HAL_Driver/Src/stm32g4xx_hal.c.obj
                0x20000084                uwTickFreq
 .data.uwTickPrio
                0x20000088        0x4 CMakeFiles/ESPC3_WiFi.elf.dir/Drivers/STM32G4xx_HAL_Driver/Src/stm32g4xx_hal.c.obj
                0x20000088                uwTickPrio
 *fill*         0x2000008c        0x4 
 .data.impure_data
                0x20000090      0x428 c:/progra~2/gnuarm~1/102021~1.10/bin/../lib/gcc/arm-none-eabi/10.3.1/../../../../arm-none-eabi/lib/thumb/v7e-m/nofp\libg.a(lib_a-impure.o)
 .data.__atexit_recursive_mutex
                0x200004b8        0x4 c:/progra~2/gnuarm~1/102021~1.10/bin/../lib/gcc/arm-none-eabi/10.3.1/../../../../arm-none-eabi/lib/thumb/v7e-m/nofp\libg.a(lib_a-__call_atexit.o)
                0x200004b8                __atexit_recursive_mutex
 *(.RamFunc)
 *(.RamFunc*)
                0x200004bc                . = ALIGN (0x4)
                0x200004bc                _edata = .

.igot.plt       0x200004bc        0x0 load address 0x08003c00
 .igot.plt      0x200004bc        0x0 c:/progra~2/gnuarm~1/102021~1.10/bin/../lib/gcc/arm-none-eabi/10.3.1/thumb/v7e-m/nofp/crtbegin.o
                0x200004bc                . = ALIGN (0x4)

.bss            0x200004bc      0x2fc load address 0x08003c00
                0x200004bc                _sbss = .
                0x200004bc                __bss_start__ = _sbss
 *(.bss)
 .bss           0x200004bc       0x1c c:/progra~2/gnuarm~1/102021~1.10/bin/../lib/gcc/arm-none-eabi/10.3.1/thumb/v7e-m/nofp/crtbegin.o
 *(.bss*)
 .bss.BuffTmp.0
                0x200004d8       0x40 CMakeFiles/ESPC3_WiFi.elf.dir/Core/Src/main.c.obj
 .bss.NewLine   0x20000518        0x1 CMakeFiles/ESPC3_WiFi.elf.dir/Core/Src/main.c.obj
                0x20000518                NewLine
 *fill*         0x20000519        0x3 
 .bss.RxBuffer  0x2000051c      0x104 CMakeFiles/ESPC3_WiFi.elf.dir/Core/Src/main.c.obj
                0x2000051c                RxBuffer
 .bss.UartRxTmp
                0x20000620        0x1 CMakeFiles/ESPC3_WiFi.elf.dir/Core/Src/main.c.obj
                0x20000620                UartRxTmp
 *fill*         0x20000621        0x3 
 .bss.hspi2     0x20000624       0x64 CMakeFiles/ESPC3_WiFi.elf.dir/Core/Src/spi.c.obj
                0x20000624                hspi2
 .bss.huart1    0x20000688       0x94 CMakeFiles/ESPC3_WiFi.elf.dir/Core/Src/usart.c.obj
                0x20000688                huart1
 .bss.huart2    0x2000071c       0x94 CMakeFiles/ESPC3_WiFi.elf.dir/Core/Src/usart.c.obj
                0x2000071c                huart2
 .bss.uwTick    0x200007b0        0x4 CMakeFiles/ESPC3_WiFi.elf.dir/Drivers/STM32G4xx_HAL_Driver/Src/stm32g4xx_hal.c.obj
                0x200007b0                uwTick
 .bss.__lock___atexit_recursive_mutex
                0x200007b4        0x1 c:/progra~2/gnuarm~1/102021~1.10/bin/../lib/gcc/arm-none-eabi/10.3.1/../../../../arm-none-eabi/lib/thumb/v7e-m/nofp\libg.a(lib_a-lock.o)
                0x200007b4                __lock___atexit_recursive_mutex
 *(COMMON)
                0x200007b8                . = ALIGN (0x4)
 *fill*         0x200007b5        0x3 
                0x200007b8                _ebss = .
                0x200007b8                __bss_end__ = _ebss

._user_heap_stack
                0x200007b8      0x600 load address 0x08003c00
                0x200007b8                . = ALIGN (0x8)
                [!provide]                PROVIDE (end = .)
                0x200007b8                PROVIDE (_end = .)
                0x200009b8                . = (. + _Min_Heap_Size)
 *fill*         0x200007b8      0x200 
                0x20000db8                . = (. + _Min_Stack_Size)
 *fill*         0x200009b8      0x400 
                0x20000db8                . = ALIGN (0x8)

/DISCARD/
 libc.a(*)
 libm.a(*)
 libgcc.a(*)

.ARM.attributes
                0x00000000       0x2a
 *(.ARM.attributes)
 .ARM.attributes
                0x00000000       0x1e c:/progra~2/gnuarm~1/102021~1.10/bin/../lib/gcc/arm-none-eabi/10.3.1/thumb/v7e-m/nofp/crti.o
 .ARM.attributes
                0x0000001e       0x2e c:/progra~2/gnuarm~1/102021~1.10/bin/../lib/gcc/arm-none-eabi/10.3.1/thumb/v7e-m/nofp/crtbegin.o
 .ARM.attributes
                0x0000004c       0x2e CMakeFiles/ESPC3_WiFi.elf.dir/Core/Src/gpio.c.obj
 .ARM.attributes
                0x0000007a       0x2e CMakeFiles/ESPC3_WiFi.elf.dir/Core/Src/main.c.obj
 .ARM.attributes
                0x000000a8       0x2e CMakeFiles/ESPC3_WiFi.elf.dir/Core/Src/ring_buffer.c.obj
 .ARM.attributes
                0x000000d6       0x2e CMakeFiles/ESPC3_WiFi.elf.dir/Core/Src/spi.c.obj
 .ARM.attributes
                0x00000104       0x2e CMakeFiles/ESPC3_WiFi.elf.dir/Core/Src/stm32g4xx_hal_msp.c.obj
 .ARM.attributes
                0x00000132       0x2e CMakeFiles/ESPC3_WiFi.elf.dir/Core/Src/stm32g4xx_it.c.obj
 .ARM.attributes
                0x00000160       0x2e CMakeFiles/ESPC3_WiFi.elf.dir/Core/Src/system_stm32g4xx.c.obj
 .ARM.attributes
                0x0000018e       0x2e CMakeFiles/ESPC3_WiFi.elf.dir/Core/Src/usart.c.obj
 .ARM.attributes
                0x000001bc       0x21 CMakeFiles/ESPC3_WiFi.elf.dir/Core/Startup/startup_stm32g431kbtx.s.obj
 .ARM.attributes
                0x000001dd       0x2e CMakeFiles/ESPC3_WiFi.elf.dir/Drivers/STM32G4xx_HAL_Driver/Src/stm32g4xx_hal.c.obj
 .ARM.attributes
                0x0000020b       0x2e CMakeFiles/ESPC3_WiFi.elf.dir/Drivers/STM32G4xx_HAL_Driver/Src/stm32g4xx_hal_cortex.c.obj
 .ARM.attributes
                0x00000239       0x2e CMakeFiles/ESPC3_WiFi.elf.dir/Drivers/STM32G4xx_HAL_Driver/Src/stm32g4xx_hal_dma.c.obj
 .ARM.attributes
                0x00000267       0x2e CMakeFiles/ESPC3_WiFi.elf.dir/Drivers/STM32G4xx_HAL_Driver/Src/stm32g4xx_hal_gpio.c.obj
 .ARM.attributes
                0x00000295       0x2e CMakeFiles/ESPC3_WiFi.elf.dir/Drivers/STM32G4xx_HAL_Driver/Src/stm32g4xx_hal_pwr_ex.c.obj
 .ARM.attributes
                0x000002c3       0x2e CMakeFiles/ESPC3_WiFi.elf.dir/Drivers/STM32G4xx_HAL_Driver/Src/stm32g4xx_hal_rcc.c.obj
 .ARM.attributes
                0x000002f1       0x2e CMakeFiles/ESPC3_WiFi.elf.dir/Drivers/STM32G4xx_HAL_Driver/Src/stm32g4xx_hal_rcc_ex.c.obj
 .ARM.attributes
                0x0000031f       0x2e CMakeFiles/ESPC3_WiFi.elf.dir/Drivers/STM32G4xx_HAL_Driver/Src/stm32g4xx_hal_spi.c.obj
 .ARM.attributes
                0x0000034d       0x2e CMakeFiles/ESPC3_WiFi.elf.dir/Drivers/STM32G4xx_HAL_Driver/Src/stm32g4xx_hal_uart.c.obj
 .ARM.attributes
                0x0000037b       0x2e CMakeFiles/ESPC3_WiFi.elf.dir/Drivers/STM32G4xx_HAL_Driver/Src/stm32g4xx_hal_uart_ex.c.obj
 .ARM.attributes
                0x000003a9       0x1e c:/progra~2/gnuarm~1/102021~1.10/bin/../lib/gcc/arm-none-eabi/10.3.1/thumb/v7e-m/nofp\libgcc.a(_aeabi_uldivmod.o)
 .ARM.attributes
                0x000003c7       0x2e c:/progra~2/gnuarm~1/102021~1.10/bin/../lib/gcc/arm-none-eabi/10.3.1/thumb/v7e-m/nofp\libgcc.a(_udivmoddi4.o)
 .ARM.attributes
                0x000003f5       0x1e c:/progra~2/gnuarm~1/102021~1.10/bin/../lib/gcc/arm-none-eabi/10.3.1/thumb/v7e-m/nofp\libgcc.a(_dvmd_tls.o)
 .ARM.attributes
                0x00000413       0x2e c:/progra~2/gnuarm~1/102021~1.10/bin/../lib/gcc/arm-none-eabi/10.3.1/../../../../arm-none-eabi/lib/thumb/v7e-m/nofp\libg.a(lib_a-impure.o)
 .ARM.attributes
                0x00000441       0x2e c:/progra~2/gnuarm~1/102021~1.10/bin/../lib/gcc/arm-none-eabi/10.3.1/../../../../arm-none-eabi/lib/thumb/v7e-m/nofp\libg.a(lib_a-init.o)
 .ARM.attributes
                0x0000046f       0x2e c:/progra~2/gnuarm~1/102021~1.10/bin/../lib/gcc/arm-none-eabi/10.3.1/../../../../arm-none-eabi/lib/thumb/v7e-m/nofp\libg.a(lib_a-memset.o)
 .ARM.attributes
                0x0000049d       0x2e c:/progra~2/gnuarm~1/102021~1.10/bin/../lib/gcc/arm-none-eabi/10.3.1/../../../../arm-none-eabi/lib/thumb/v7e-m/nofp\libg.a(lib_a-strcat.o)
 .ARM.attributes
                0x000004cb       0x1c c:/progra~2/gnuarm~1/102021~1.10/bin/../lib/gcc/arm-none-eabi/10.3.1/../../../../arm-none-eabi/lib/thumb/v7e-m/nofp\libg.a(lib_a-strcmp.o)
 .ARM.attributes
                0x000004e7       0x2e c:/progra~2/gnuarm~1/102021~1.10/bin/../lib/gcc/arm-none-eabi/10.3.1/../../../../arm-none-eabi/lib/thumb/v7e-m/nofp\libg.a(lib_a-strcpy.o)
 .ARM.attributes
                0x00000515       0x1c c:/progra~2/gnuarm~1/102021~1.10/bin/../lib/gcc/arm-none-eabi/10.3.1/../../../../arm-none-eabi/lib/thumb/v7e-m/nofp\libg.a(lib_a-strlen.o)
 .ARM.attributes
                0x00000531       0x2e c:/progra~2/gnuarm~1/102021~1.10/bin/../lib/gcc/arm-none-eabi/10.3.1/../../../../arm-none-eabi/lib/thumb/v7e-m/nofp\libg.a(lib_a-__call_atexit.o)
 .ARM.attributes
                0x0000055f       0x2e c:/progra~2/gnuarm~1/102021~1.10/bin/../lib/gcc/arm-none-eabi/10.3.1/../../../../arm-none-eabi/lib/thumb/v7e-m/nofp\libg.a(lib_a-atexit.o)
 .ARM.attributes
                0x0000058d       0x2e c:/progra~2/gnuarm~1/102021~1.10/bin/../lib/gcc/arm-none-eabi/10.3.1/../../../../arm-none-eabi/lib/thumb/v7e-m/nofp\libg.a(lib_a-fini.o)
 .ARM.attributes
                0x000005bb       0x2e c:/progra~2/gnuarm~1/102021~1.10/bin/../lib/gcc/arm-none-eabi/10.3.1/../../../../arm-none-eabi/lib/thumb/v7e-m/nofp\libg.a(lib_a-lock.o)
 .ARM.attributes
                0x000005e9       0x2e c:/progra~2/gnuarm~1/102021~1.10/bin/../lib/gcc/arm-none-eabi/10.3.1/../../../../arm-none-eabi/lib/thumb/v7e-m/nofp\libg.a(lib_a-__atexit.o)
 .ARM.attributes
                0x00000617       0x1e c:/progra~2/gnuarm~1/102021~1.10/bin/../lib/gcc/arm-none-eabi/10.3.1/thumb/v7e-m/nofp/crtn.o
OUTPUT(ESPC3_WiFi.elf elf32-littlearm)
LOAD linker stubs
LOAD c:/progra~2/gnuarm~1/102021~1.10/bin/../lib/gcc/arm-none-eabi/10.3.1/../../../../arm-none-eabi/lib/thumb/v7e-m/nofp\libc.a
LOAD c:/progra~2/gnuarm~1/102021~1.10/bin/../lib/gcc/arm-none-eabi/10.3.1/../../../../arm-none-eabi/lib/thumb/v7e-m/nofp\libm.a
LOAD c:/progra~2/gnuarm~1/102021~1.10/bin/../lib/gcc/arm-none-eabi/10.3.1/thumb/v7e-m/nofp\libgcc.a

.debug_info     0x00000000    0x13b9b
 .debug_info    0x00000000      0x527 CMakeFiles/ESPC3_WiFi.elf.dir/Core/Src/gpio.c.obj
 .debug_info    0x00000527     0x161e CMakeFiles/ESPC3_WiFi.elf.dir/Core/Src/main.c.obj
 .debug_info    0x00001b45      0x1d3 CMakeFiles/ESPC3_WiFi.elf.dir/Core/Src/ring_buffer.c.obj
 .debug_info    0x00001d18      0xbfd CMakeFiles/ESPC3_WiFi.elf.dir/Core/Src/spi.c.obj
 .debug_info    0x00002915      0x33e CMakeFiles/ESPC3_WiFi.elf.dir/Core/Src/stm32g4xx_hal_msp.c.obj
 .debug_info    0x00002c53      0x8a7 CMakeFiles/ESPC3_WiFi.elf.dir/Core/Src/stm32g4xx_it.c.obj
 .debug_info    0x000034fa      0x3f9 CMakeFiles/ESPC3_WiFi.elf.dir/Core/Src/system_stm32g4xx.c.obj
 .debug_info    0x000038f3     0x11c8 CMakeFiles/ESPC3_WiFi.elf.dir/Core/Src/usart.c.obj
 .debug_info    0x00004abb       0x22 CMakeFiles/ESPC3_WiFi.elf.dir/Core/Startup/startup_stm32g431kbtx.s.obj
 .debug_info    0x00004add      0xcb0 CMakeFiles/ESPC3_WiFi.elf.dir/Drivers/STM32G4xx_HAL_Driver/Src/stm32g4xx_hal.c.obj
 .debug_info    0x0000578d     0x108f CMakeFiles/ESPC3_WiFi.elf.dir/Drivers/STM32G4xx_HAL_Driver/Src/stm32g4xx_hal_cortex.c.obj
 .debug_info    0x0000681c      0xa56 CMakeFiles/ESPC3_WiFi.elf.dir/Drivers/STM32G4xx_HAL_Driver/Src/stm32g4xx_hal_dma.c.obj
 .debug_info    0x00007272      0x865 CMakeFiles/ESPC3_WiFi.elf.dir/Drivers/STM32G4xx_HAL_Driver/Src/stm32g4xx_hal_gpio.c.obj
 .debug_info    0x00007ad7      0xa07 CMakeFiles/ESPC3_WiFi.elf.dir/Drivers/STM32G4xx_HAL_Driver/Src/stm32g4xx_hal_pwr_ex.c.obj
 .debug_info    0x000084de      0xe96 CMakeFiles/ESPC3_WiFi.elf.dir/Drivers/STM32G4xx_HAL_Driver/Src/stm32g4xx_hal_rcc.c.obj
 .debug_info    0x00009374      0xecf CMakeFiles/ESPC3_WiFi.elf.dir/Drivers/STM32G4xx_HAL_Driver/Src/stm32g4xx_hal_rcc_ex.c.obj
 .debug_info    0x0000a243     0x22bf CMakeFiles/ESPC3_WiFi.elf.dir/Drivers/STM32G4xx_HAL_Driver/Src/stm32g4xx_hal_spi.c.obj
 .debug_info    0x0000c502     0x6418 CMakeFiles/ESPC3_WiFi.elf.dir/Drivers/STM32G4xx_HAL_Driver/Src/stm32g4xx_hal_uart.c.obj
 .debug_info    0x0001291a     0x1281 CMakeFiles/ESPC3_WiFi.elf.dir/Drivers/STM32G4xx_HAL_Driver/Src/stm32g4xx_hal_uart_ex.c.obj

.debug_abbrev   0x00000000     0x2624
 .debug_abbrev  0x00000000      0x14e CMakeFiles/ESPC3_WiFi.elf.dir/Core/Src/gpio.c.obj
 .debug_abbrev  0x0000014e      0x3b3 CMakeFiles/ESPC3_WiFi.elf.dir/Core/Src/main.c.obj
 .debug_abbrev  0x00000501      0x130 CMakeFiles/ESPC3_WiFi.elf.dir/Core/Src/ring_buffer.c.obj
 .debug_abbrev  0x00000631      0x1d3 CMakeFiles/ESPC3_WiFi.elf.dir/Core/Src/spi.c.obj
 .debug_abbrev  0x00000804       0xd6 CMakeFiles/ESPC3_WiFi.elf.dir/Core/Src/stm32g4xx_hal_msp.c.obj
 .debug_abbrev  0x000008da      0x15b CMakeFiles/ESPC3_WiFi.elf.dir/Core/Src/stm32g4xx_it.c.obj
 .debug_abbrev  0x00000a35      0x119 CMakeFiles/ESPC3_WiFi.elf.dir/Core/Src/system_stm32g4xx.c.obj
 .debug_abbrev  0x00000b4e      0x1f4 CMakeFiles/ESPC3_WiFi.elf.dir/Core/Src/usart.c.obj
 .debug_abbrev  0x00000d42       0x12 CMakeFiles/ESPC3_WiFi.elf.dir/Core/Startup/startup_stm32g431kbtx.s.obj
 .debug_abbrev  0x00000d54      0x23e CMakeFiles/ESPC3_WiFi.elf.dir/Drivers/STM32G4xx_HAL_Driver/Src/stm32g4xx_hal.c.obj
 .debug_abbrev  0x00000f92      0x361 CMakeFiles/ESPC3_WiFi.elf.dir/Drivers/STM32G4xx_HAL_Driver/Src/stm32g4xx_hal_cortex.c.obj
 .debug_abbrev  0x000012f3      0x216 CMakeFiles/ESPC3_WiFi.elf.dir/Drivers/STM32G4xx_HAL_Driver/Src/stm32g4xx_hal_dma.c.obj
 .debug_abbrev  0x00001509      0x1e6 CMakeFiles/ESPC3_WiFi.elf.dir/Drivers/STM32G4xx_HAL_Driver/Src/stm32g4xx_hal_gpio.c.obj
 .debug_abbrev  0x000016ef      0x245 CMakeFiles/ESPC3_WiFi.elf.dir/Drivers/STM32G4xx_HAL_Driver/Src/stm32g4xx_hal_pwr_ex.c.obj
 .debug_abbrev  0x00001934      0x26f CMakeFiles/ESPC3_WiFi.elf.dir/Drivers/STM32G4xx_HAL_Driver/Src/stm32g4xx_hal_rcc.c.obj
 .debug_abbrev  0x00001ba3      0x243 CMakeFiles/ESPC3_WiFi.elf.dir/Drivers/STM32G4xx_HAL_Driver/Src/stm32g4xx_hal_rcc_ex.c.obj
 .debug_abbrev  0x00001de6      0x248 CMakeFiles/ESPC3_WiFi.elf.dir/Drivers/STM32G4xx_HAL_Driver/Src/stm32g4xx_hal_spi.c.obj
 .debug_abbrev  0x0000202e      0x306 CMakeFiles/ESPC3_WiFi.elf.dir/Drivers/STM32G4xx_HAL_Driver/Src/stm32g4xx_hal_uart.c.obj
 .debug_abbrev  0x00002334      0x2f0 CMakeFiles/ESPC3_WiFi.elf.dir/Drivers/STM32G4xx_HAL_Driver/Src/stm32g4xx_hal_uart_ex.c.obj

.debug_aranges  0x00000000      0xc38
 .debug_aranges
                0x00000000       0x20 CMakeFiles/ESPC3_WiFi.elf.dir/Core/Src/gpio.c.obj
 .debug_aranges
                0x00000020       0x70 CMakeFiles/ESPC3_WiFi.elf.dir/Core/Src/main.c.obj
 .debug_aranges
                0x00000090       0x30 CMakeFiles/ESPC3_WiFi.elf.dir/Core/Src/ring_buffer.c.obj
 .debug_aranges
                0x000000c0       0x30 CMakeFiles/ESPC3_WiFi.elf.dir/Core/Src/spi.c.obj
 .debug_aranges
                0x000000f0       0x20 CMakeFiles/ESPC3_WiFi.elf.dir/Core/Src/stm32g4xx_hal_msp.c.obj
 .debug_aranges
                0x00000110       0x68 CMakeFiles/ESPC3_WiFi.elf.dir/Core/Src/stm32g4xx_it.c.obj
 .debug_aranges
                0x00000178       0x28 CMakeFiles/ESPC3_WiFi.elf.dir/Core/Src/system_stm32g4xx.c.obj
 .debug_aranges
                0x000001a0       0x38 CMakeFiles/ESPC3_WiFi.elf.dir/Core/Src/usart.c.obj
 .debug_aranges
                0x000001d8       0x28 CMakeFiles/ESPC3_WiFi.elf.dir/Core/Startup/startup_stm32g431kbtx.s.obj
 .debug_aranges
                0x00000200      0x148 CMakeFiles/ESPC3_WiFi.elf.dir/Drivers/STM32G4xx_HAL_Driver/Src/stm32g4xx_hal.c.obj
 .debug_aranges
                0x00000348       0xb8 CMakeFiles/ESPC3_WiFi.elf.dir/Drivers/STM32G4xx_HAL_Driver/Src/stm32g4xx_hal_cortex.c.obj
 .debug_aranges
                0x00000400       0x90 CMakeFiles/ESPC3_WiFi.elf.dir/Drivers/STM32G4xx_HAL_Driver/Src/stm32g4xx_hal_dma.c.obj
 .debug_aranges
                0x00000490       0x58 CMakeFiles/ESPC3_WiFi.elf.dir/Drivers/STM32G4xx_HAL_Driver/Src/stm32g4xx_hal_gpio.c.obj
 .debug_aranges
                0x000004e8      0x140 CMakeFiles/ESPC3_WiFi.elf.dir/Drivers/STM32G4xx_HAL_Driver/Src/stm32g4xx_hal_pwr_ex.c.obj
 .debug_aranges
                0x00000628       0x98 CMakeFiles/ESPC3_WiFi.elf.dir/Drivers/STM32G4xx_HAL_Driver/Src/stm32g4xx_hal_rcc.c.obj
 .debug_aranges
                0x000006c0       0xb0 CMakeFiles/ESPC3_WiFi.elf.dir/Drivers/STM32G4xx_HAL_Driver/Src/stm32g4xx_hal_rcc_ex.c.obj
 .debug_aranges
                0x00000770      0x1d8 CMakeFiles/ESPC3_WiFi.elf.dir/Drivers/STM32G4xx_HAL_Driver/Src/stm32g4xx_hal_spi.c.obj
 .debug_aranges
                0x00000948      0x248 CMakeFiles/ESPC3_WiFi.elf.dir/Drivers/STM32G4xx_HAL_Driver/Src/stm32g4xx_hal_uart.c.obj
 .debug_aranges
                0x00000b90       0xa8 CMakeFiles/ESPC3_WiFi.elf.dir/Drivers/STM32G4xx_HAL_Driver/Src/stm32g4xx_hal_uart_ex.c.obj

.debug_ranges   0x00000000      0xbe8
 .debug_ranges  0x00000000       0x10 CMakeFiles/ESPC3_WiFi.elf.dir/Core/Src/gpio.c.obj
 .debug_ranges  0x00000010       0x90 CMakeFiles/ESPC3_WiFi.elf.dir/Core/Src/main.c.obj
 .debug_ranges  0x000000a0       0x20 CMakeFiles/ESPC3_WiFi.elf.dir/Core/Src/ring_buffer.c.obj
 .debug_ranges  0x000000c0       0x20 CMakeFiles/ESPC3_WiFi.elf.dir/Core/Src/spi.c.obj
 .debug_ranges  0x000000e0       0x10 CMakeFiles/ESPC3_WiFi.elf.dir/Core/Src/stm32g4xx_hal_msp.c.obj
 .debug_ranges  0x000000f0       0x58 CMakeFiles/ESPC3_WiFi.elf.dir/Core/Src/stm32g4xx_it.c.obj
 .debug_ranges  0x00000148       0x18 CMakeFiles/ESPC3_WiFi.elf.dir/Core/Src/system_stm32g4xx.c.obj
 .debug_ranges  0x00000160       0x28 CMakeFiles/ESPC3_WiFi.elf.dir/Core/Src/usart.c.obj
 .debug_ranges  0x00000188       0x20 CMakeFiles/ESPC3_WiFi.elf.dir/Core/Startup/startup_stm32g431kbtx.s.obj
 .debug_ranges  0x000001a8      0x138 CMakeFiles/ESPC3_WiFi.elf.dir/Drivers/STM32G4xx_HAL_Driver/Src/stm32g4xx_hal.c.obj
 .debug_ranges  0x000002e0      0x108 CMakeFiles/ESPC3_WiFi.elf.dir/Drivers/STM32G4xx_HAL_Driver/Src/stm32g4xx_hal_cortex.c.obj
 .debug_ranges  0x000003e8       0x80 CMakeFiles/ESPC3_WiFi.elf.dir/Drivers/STM32G4xx_HAL_Driver/Src/stm32g4xx_hal_dma.c.obj
 .debug_ranges  0x00000468       0x48 CMakeFiles/ESPC3_WiFi.elf.dir/Drivers/STM32G4xx_HAL_Driver/Src/stm32g4xx_hal_gpio.c.obj
 .debug_ranges  0x000004b0      0x130 CMakeFiles/ESPC3_WiFi.elf.dir/Drivers/STM32G4xx_HAL_Driver/Src/stm32g4xx_hal_pwr_ex.c.obj
 .debug_ranges  0x000005e0       0xa0 CMakeFiles/ESPC3_WiFi.elf.dir/Drivers/STM32G4xx_HAL_Driver/Src/stm32g4xx_hal_rcc.c.obj
 .debug_ranges  0x00000680       0xb8 CMakeFiles/ESPC3_WiFi.elf.dir/Drivers/STM32G4xx_HAL_Driver/Src/stm32g4xx_hal_rcc_ex.c.obj
 .debug_ranges  0x00000738      0x1c8 CMakeFiles/ESPC3_WiFi.elf.dir/Drivers/STM32G4xx_HAL_Driver/Src/stm32g4xx_hal_spi.c.obj
 .debug_ranges  0x00000900      0x238 CMakeFiles/ESPC3_WiFi.elf.dir/Drivers/STM32G4xx_HAL_Driver/Src/stm32g4xx_hal_uart.c.obj
 .debug_ranges  0x00000b38       0xb0 CMakeFiles/ESPC3_WiFi.elf.dir/Drivers/STM32G4xx_HAL_Driver/Src/stm32g4xx_hal_uart_ex.c.obj

.debug_line     0x00000000    0x107d2
 .debug_line    0x00000000      0x257 CMakeFiles/ESPC3_WiFi.elf.dir/Core/Src/gpio.c.obj
 .debug_line    0x00000257      0x6fb CMakeFiles/ESPC3_WiFi.elf.dir/Core/Src/main.c.obj
 .debug_line    0x00000952      0x21e CMakeFiles/ESPC3_WiFi.elf.dir/Core/Src/ring_buffer.c.obj
 .debug_line    0x00000b70      0x3de CMakeFiles/ESPC3_WiFi.elf.dir/Core/Src/spi.c.obj
 .debug_line    0x00000f4e      0x21e CMakeFiles/ESPC3_WiFi.elf.dir/Core/Src/stm32g4xx_hal_msp.c.obj
 .debug_line    0x0000116c      0x359 CMakeFiles/ESPC3_WiFi.elf.dir/Core/Src/stm32g4xx_it.c.obj
 .debug_line    0x000014c5      0x260 CMakeFiles/ESPC3_WiFi.elf.dir/Core/Src/system_stm32g4xx.c.obj
 .debug_line    0x00001725      0x55d CMakeFiles/ESPC3_WiFi.elf.dir/Core/Src/usart.c.obj
 .debug_line    0x00001c82       0xbf CMakeFiles/ESPC3_WiFi.elf.dir/Core/Startup/startup_stm32g431kbtx.s.obj
 .debug_line    0x00001d41      0x78a CMakeFiles/ESPC3_WiFi.elf.dir/Drivers/STM32G4xx_HAL_Driver/Src/stm32g4xx_hal.c.obj
 .debug_line    0x000024cb      0x848 CMakeFiles/ESPC3_WiFi.elf.dir/Drivers/STM32G4xx_HAL_Driver/Src/stm32g4xx_hal_cortex.c.obj
 .debug_line    0x00002d13      0xcc7 CMakeFiles/ESPC3_WiFi.elf.dir/Drivers/STM32G4xx_HAL_Driver/Src/stm32g4xx_hal_dma.c.obj
 .debug_line    0x000039da      0x705 CMakeFiles/ESPC3_WiFi.elf.dir/Drivers/STM32G4xx_HAL_Driver/Src/stm32g4xx_hal_gpio.c.obj
 .debug_line    0x000040df      0xb28 CMakeFiles/ESPC3_WiFi.elf.dir/Drivers/STM32G4xx_HAL_Driver/Src/stm32g4xx_hal_pwr_ex.c.obj
 .debug_line    0x00004c07      0xe6d CMakeFiles/ESPC3_WiFi.elf.dir/Drivers/STM32G4xx_HAL_Driver/Src/stm32g4xx_hal_rcc.c.obj
 .debug_line    0x00005a74     0x10df CMakeFiles/ESPC3_WiFi.elf.dir/Drivers/STM32G4xx_HAL_Driver/Src/stm32g4xx_hal_rcc_ex.c.obj
 .debug_line    0x00006b53     0x2a4e CMakeFiles/ESPC3_WiFi.elf.dir/Drivers/STM32G4xx_HAL_Driver/Src/stm32g4xx_hal_spi.c.obj
 .debug_line    0x000095a1     0x64e3 CMakeFiles/ESPC3_WiFi.elf.dir/Drivers/STM32G4xx_HAL_Driver/Src/stm32g4xx_hal_uart.c.obj
 .debug_line    0x0000fa84      0xd4e CMakeFiles/ESPC3_WiFi.elf.dir/Drivers/STM32G4xx_HAL_Driver/Src/stm32g4xx_hal_uart_ex.c.obj

.debug_str      0x00000000     0x4307
 .debug_str     0x00000000      0x3d6 CMakeFiles/ESPC3_WiFi.elf.dir/Core/Src/gpio.c.obj
                                0x426 (size before relaxing)
 .debug_str     0x000003d6      0xd6d CMakeFiles/ESPC3_WiFi.elf.dir/Core/Src/main.c.obj
                               0x1031 (size before relaxing)
 .debug_str     0x00001143       0x7a CMakeFiles/ESPC3_WiFi.elf.dir/Core/Src/ring_buffer.c.obj
                                0x27b (size before relaxing)
 .debug_str     0x000011bd      0x21e CMakeFiles/ESPC3_WiFi.elf.dir/Core/Src/spi.c.obj
                                0x958 (size before relaxing)
 .debug_str     0x000013db       0x83 CMakeFiles/ESPC3_WiFi.elf.dir/Core/Src/stm32g4xx_hal_msp.c.obj
                                0x396 (size before relaxing)
 .debug_str     0x0000145e      0x113 CMakeFiles/ESPC3_WiFi.elf.dir/Core/Src/stm32g4xx_it.c.obj
                                0x83f (size before relaxing)
 .debug_str     0x00001571       0xbd CMakeFiles/ESPC3_WiFi.elf.dir/Core/Src/system_stm32g4xx.c.obj
                                0x3db (size before relaxing)
 .debug_str     0x0000162e      0x282 CMakeFiles/ESPC3_WiFi.elf.dir/Core/Src/usart.c.obj
                               0x105d (size before relaxing)
 .debug_str     0x000018b0       0x6c CMakeFiles/ESPC3_WiFi.elf.dir/Core/Startup/startup_stm32g431kbtx.s.obj
                                 0xbd (size before relaxing)
 .debug_str     0x0000191c      0x51a CMakeFiles/ESPC3_WiFi.elf.dir/Drivers/STM32G4xx_HAL_Driver/Src/stm32g4xx_hal.c.obj
                                0xd1c (size before relaxing)
 .debug_str     0x00001e36      0x4e9 CMakeFiles/ESPC3_WiFi.elf.dir/Drivers/STM32G4xx_HAL_Driver/Src/stm32g4xx_hal_cortex.c.obj
                                0xc2a (size before relaxing)
 .debug_str     0x0000231f      0x309 CMakeFiles/ESPC3_WiFi.elf.dir/Drivers/STM32G4xx_HAL_Driver/Src/stm32g4xx_hal_dma.c.obj
                                0x809 (size before relaxing)
 .debug_str     0x00002628      0x155 CMakeFiles/ESPC3_WiFi.elf.dir/Drivers/STM32G4xx_HAL_Driver/Src/stm32g4xx_hal_gpio.c.obj
                                0x5a8 (size before relaxing)
 .debug_str     0x0000277d      0x521 CMakeFiles/ESPC3_WiFi.elf.dir/Drivers/STM32G4xx_HAL_Driver/Src/stm32g4xx_hal_pwr_ex.c.obj
                                0x84a (size before relaxing)
 .debug_str     0x00002c9e      0x24c CMakeFiles/ESPC3_WiFi.elf.dir/Drivers/STM32G4xx_HAL_Driver/Src/stm32g4xx_hal_rcc.c.obj
                                0x897 (size before relaxing)
 .debug_str     0x00002eea      0x3ab CMakeFiles/ESPC3_WiFi.elf.dir/Drivers/STM32G4xx_HAL_Driver/Src/stm32g4xx_hal_rcc_ex.c.obj
                                0xa7e (size before relaxing)
 .debug_str     0x00003295      0x5a9 CMakeFiles/ESPC3_WiFi.elf.dir/Drivers/STM32G4xx_HAL_Driver/Src/stm32g4xx_hal_spi.c.obj
                                0xd4e (size before relaxing)
 .debug_str     0x0000383e      0x84a CMakeFiles/ESPC3_WiFi.elf.dir/Drivers/STM32G4xx_HAL_Driver/Src/stm32g4xx_hal_uart.c.obj
                               0x1292 (size before relaxing)
 .debug_str     0x00004088      0x27f CMakeFiles/ESPC3_WiFi.elf.dir/Drivers/STM32G4xx_HAL_Driver/Src/stm32g4xx_hal_uart_ex.c.obj
                                0xbbb (size before relaxing)

.comment        0x00000000       0x49
 .comment       0x00000000       0x49 CMakeFiles/ESPC3_WiFi.elf.dir/Core/Src/gpio.c.obj
                                 0x4a (size before relaxing)
 .comment       0x00000049       0x4a CMakeFiles/ESPC3_WiFi.elf.dir/Core/Src/main.c.obj
 .comment       0x00000049       0x4a CMakeFiles/ESPC3_WiFi.elf.dir/Core/Src/ring_buffer.c.obj
 .comment       0x00000049       0x4a CMakeFiles/ESPC3_WiFi.elf.dir/Core/Src/spi.c.obj
 .comment       0x00000049       0x4a CMakeFiles/ESPC3_WiFi.elf.dir/Core/Src/stm32g4xx_hal_msp.c.obj
 .comment       0x00000049       0x4a CMakeFiles/ESPC3_WiFi.elf.dir/Core/Src/stm32g4xx_it.c.obj
 .comment       0x00000049       0x4a CMakeFiles/ESPC3_WiFi.elf.dir/Core/Src/system_stm32g4xx.c.obj
 .comment       0x00000049       0x4a CMakeFiles/ESPC3_WiFi.elf.dir/Core/Src/usart.c.obj
 .comment       0x00000049       0x4a CMakeFiles/ESPC3_WiFi.elf.dir/Drivers/STM32G4xx_HAL_Driver/Src/stm32g4xx_hal.c.obj
 .comment       0x00000049       0x4a CMakeFiles/ESPC3_WiFi.elf.dir/Drivers/STM32G4xx_HAL_Driver/Src/stm32g4xx_hal_cortex.c.obj
 .comment       0x00000049       0x4a CMakeFiles/ESPC3_WiFi.elf.dir/Drivers/STM32G4xx_HAL_Driver/Src/stm32g4xx_hal_dma.c.obj
 .comment       0x00000049       0x4a CMakeFiles/ESPC3_WiFi.elf.dir/Drivers/STM32G4xx_HAL_Driver/Src/stm32g4xx_hal_gpio.c.obj
 .comment       0x00000049       0x4a CMakeFiles/ESPC3_WiFi.elf.dir/Drivers/STM32G4xx_HAL_Driver/Src/stm32g4xx_hal_pwr_ex.c.obj
 .comment       0x00000049       0x4a CMakeFiles/ESPC3_WiFi.elf.dir/Drivers/STM32G4xx_HAL_Driver/Src/stm32g4xx_hal_rcc.c.obj
 .comment       0x00000049       0x4a CMakeFiles/ESPC3_WiFi.elf.dir/Drivers/STM32G4xx_HAL_Driver/Src/stm32g4xx_hal_rcc_ex.c.obj
 .comment       0x00000049       0x4a CMakeFiles/ESPC3_WiFi.elf.dir/Drivers/STM32G4xx_HAL_Driver/Src/stm32g4xx_hal_spi.c.obj
 .comment       0x00000049       0x4a CMakeFiles/ESPC3_WiFi.elf.dir/Drivers/STM32G4xx_HAL_Driver/Src/stm32g4xx_hal_uart.c.obj
 .comment       0x00000049       0x4a CMakeFiles/ESPC3_WiFi.elf.dir/Drivers/STM32G4xx_HAL_Driver/Src/stm32g4xx_hal_uart_ex.c.obj

.debug_frame    0x00000000     0x20dc
 .debug_frame   0x00000000       0x30 CMakeFiles/ESPC3_WiFi.elf.dir/Core/Src/gpio.c.obj
 .debug_frame   0x00000030      0x144 CMakeFiles/ESPC3_WiFi.elf.dir/Core/Src/main.c.obj
 .debug_frame   0x00000174       0x40 CMakeFiles/ESPC3_WiFi.elf.dir/Core/Src/ring_buffer.c.obj
 .debug_frame   0x000001b4       0x64 CMakeFiles/ESPC3_WiFi.elf.dir/Core/Src/spi.c.obj
 .debug_frame   0x00000218       0x2c CMakeFiles/ESPC3_WiFi.elf.dir/Core/Src/stm32g4xx_hal_msp.c.obj
 .debug_frame   0x00000244       0xc0 CMakeFiles/ESPC3_WiFi.elf.dir/Core/Src/stm32g4xx_it.c.obj
 .debug_frame   0x00000304       0x30 CMakeFiles/ESPC3_WiFi.elf.dir/Core/Src/system_stm32g4xx.c.obj
 .debug_frame   0x00000334       0x78 CMakeFiles/ESPC3_WiFi.elf.dir/Core/Src/usart.c.obj
 .debug_frame   0x000003ac      0x2a4 CMakeFiles/ESPC3_WiFi.elf.dir/Drivers/STM32G4xx_HAL_Driver/Src/stm32g4xx_hal.c.obj
 .debug_frame   0x00000650      0x168 CMakeFiles/ESPC3_WiFi.elf.dir/Drivers/STM32G4xx_HAL_Driver/Src/stm32g4xx_hal_cortex.c.obj
 .debug_frame   0x000007b8      0x16c CMakeFiles/ESPC3_WiFi.elf.dir/Drivers/STM32G4xx_HAL_Driver/Src/stm32g4xx_hal_dma.c.obj
 .debug_frame   0x00000924       0xd0 CMakeFiles/ESPC3_WiFi.elf.dir/Drivers/STM32G4xx_HAL_Driver/Src/stm32g4xx_hal_gpio.c.obj
 .debug_frame   0x000009f4      0x268 CMakeFiles/ESPC3_WiFi.elf.dir/Drivers/STM32G4xx_HAL_Driver/Src/stm32g4xx_hal_pwr_ex.c.obj
 .debug_frame   0x00000c5c      0x198 CMakeFiles/ESPC3_WiFi.elf.dir/Drivers/STM32G4xx_HAL_Driver/Src/stm32g4xx_hal_rcc.c.obj
 .debug_frame   0x00000df4      0x1a0 CMakeFiles/ESPC3_WiFi.elf.dir/Drivers/STM32G4xx_HAL_Driver/Src/stm32g4xx_hal_rcc_ex.c.obj
 .debug_frame   0x00000f94      0x5f8 CMakeFiles/ESPC3_WiFi.elf.dir/Drivers/STM32G4xx_HAL_Driver/Src/stm32g4xx_hal_spi.c.obj
 .debug_frame   0x0000158c      0x67c CMakeFiles/ESPC3_WiFi.elf.dir/Drivers/STM32G4xx_HAL_Driver/Src/stm32g4xx_hal_uart.c.obj
 .debug_frame   0x00001c08      0x1d8 CMakeFiles/ESPC3_WiFi.elf.dir/Drivers/STM32G4xx_HAL_Driver/Src/stm32g4xx_hal_uart_ex.c.obj
 .debug_frame   0x00001de0       0x2c c:/progra~2/gnuarm~1/102021~1.10/bin/../lib/gcc/arm-none-eabi/10.3.1/thumb/v7e-m/nofp\libgcc.a(_aeabi_uldivmod.o)
 .debug_frame   0x00001e0c       0x34 c:/progra~2/gnuarm~1/102021~1.10/bin/../lib/gcc/arm-none-eabi/10.3.1/thumb/v7e-m/nofp\libgcc.a(_udivmoddi4.o)
 .debug_frame   0x00001e40       0x2c c:/progra~2/gnuarm~1/102021~1.10/bin/../lib/gcc/arm-none-eabi/10.3.1/../../../../arm-none-eabi/lib/thumb/v7e-m/nofp\libg.a(lib_a-init.o)
 .debug_frame   0x00001e6c       0x2c c:/progra~2/gnuarm~1/102021~1.10/bin/../lib/gcc/arm-none-eabi/10.3.1/../../../../arm-none-eabi/lib/thumb/v7e-m/nofp\libg.a(lib_a-memset.o)
 .debug_frame   0x00001e98       0x28 c:/progra~2/gnuarm~1/102021~1.10/bin/../lib/gcc/arm-none-eabi/10.3.1/../../../../arm-none-eabi/lib/thumb/v7e-m/nofp\libg.a(lib_a-strcat.o)
 .debug_frame   0x00001ec0       0x68 c:/progra~2/gnuarm~1/102021~1.10/bin/../lib/gcc/arm-none-eabi/10.3.1/../../../../arm-none-eabi/lib/thumb/v7e-m/nofp\libg.a(lib_a-strcmp.o)
 .debug_frame   0x00001f28       0x20 c:/progra~2/gnuarm~1/102021~1.10/bin/../lib/gcc/arm-none-eabi/10.3.1/../../../../arm-none-eabi/lib/thumb/v7e-m/nofp\libg.a(lib_a-strcpy.o)
 .debug_frame   0x00001f48       0x5c c:/progra~2/gnuarm~1/102021~1.10/bin/../lib/gcc/arm-none-eabi/10.3.1/../../../../arm-none-eabi/lib/thumb/v7e-m/nofp\libg.a(lib_a-__call_atexit.o)
 .debug_frame   0x00001fa4       0x20 c:/progra~2/gnuarm~1/102021~1.10/bin/../lib/gcc/arm-none-eabi/10.3.1/../../../../arm-none-eabi/lib/thumb/v7e-m/nofp\libg.a(lib_a-atexit.o)
 .debug_frame   0x00001fc4       0x34 c:/progra~2/gnuarm~1/102021~1.10/bin/../lib/gcc/arm-none-eabi/10.3.1/../../../../arm-none-eabi/lib/thumb/v7e-m/nofp\libg.a(lib_a-fini.o)
 .debug_frame   0x00001ff8       0xb0 c:/progra~2/gnuarm~1/102021~1.10/bin/../lib/gcc/arm-none-eabi/10.3.1/../../../../arm-none-eabi/lib/thumb/v7e-m/nofp\libg.a(lib_a-lock.o)
 .debug_frame   0x000020a8       0x34 c:/progra~2/gnuarm~1/102021~1.10/bin/../lib/gcc/arm-none-eabi/10.3.1/../../../../arm-none-eabi/lib/thumb/v7e-m/nofp\libg.a(lib_a-__atexit.o)

.debug_loc      0x00000000     0xc7a3
 .debug_loc     0x00000000      0x207 CMakeFiles/ESPC3_WiFi.elf.dir/Core/Src/main.c.obj
 .debug_loc     0x00000207       0x99 CMakeFiles/ESPC3_WiFi.elf.dir/Core/Src/ring_buffer.c.obj
 .debug_loc     0x000002a0       0x84 CMakeFiles/ESPC3_WiFi.elf.dir/Core/Src/spi.c.obj
 .debug_loc     0x00000324       0x9d CMakeFiles/ESPC3_WiFi.elf.dir/Core/Src/system_stm32g4xx.c.obj
 .debug_loc     0x000003c1       0x81 CMakeFiles/ESPC3_WiFi.elf.dir/Core/Src/usart.c.obj
 .debug_loc     0x00000442      0x1ef CMakeFiles/ESPC3_WiFi.elf.dir/Drivers/STM32G4xx_HAL_Driver/Src/stm32g4xx_hal.c.obj
 .debug_loc     0x00000631      0x736 CMakeFiles/ESPC3_WiFi.elf.dir/Drivers/STM32G4xx_HAL_Driver/Src/stm32g4xx_hal_cortex.c.obj
 .debug_loc     0x00000d67      0x8a0 CMakeFiles/ESPC3_WiFi.elf.dir/Drivers/STM32G4xx_HAL_Driver/Src/stm32g4xx_hal_dma.c.obj
 .debug_loc     0x00001607      0x3b3 CMakeFiles/ESPC3_WiFi.elf.dir/Drivers/STM32G4xx_HAL_Driver/Src/stm32g4xx_hal_gpio.c.obj
 .debug_loc     0x000019ba      0xa06 CMakeFiles/ESPC3_WiFi.elf.dir/Drivers/STM32G4xx_HAL_Driver/Src/stm32g4xx_hal_pwr_ex.c.obj
 .debug_loc     0x000023c0      0x84d CMakeFiles/ESPC3_WiFi.elf.dir/Drivers/STM32G4xx_HAL_Driver/Src/stm32g4xx_hal_rcc.c.obj
 .debug_loc     0x00002c0d     0x11a5 CMakeFiles/ESPC3_WiFi.elf.dir/Drivers/STM32G4xx_HAL_Driver/Src/stm32g4xx_hal_rcc_ex.c.obj
 .debug_loc     0x00003db2     0x21e4 CMakeFiles/ESPC3_WiFi.elf.dir/Drivers/STM32G4xx_HAL_Driver/Src/stm32g4xx_hal_spi.c.obj
 .debug_loc     0x00005f96     0x5bd3 CMakeFiles/ESPC3_WiFi.elf.dir/Drivers/STM32G4xx_HAL_Driver/Src/stm32g4xx_hal_uart.c.obj
 .debug_loc     0x0000bb69      0xc3a CMakeFiles/ESPC3_WiFi.elf.dir/Drivers/STM32G4xx_HAL_Driver/Src/stm32g4xx_hal_uart_ex.c.obj
